// Jest Snapshot v1, https://goo.gl/fbAQLP

exports[`filter 1`] = `
<button
  className="ant-btn test"
  onClick={[Function]}
  type="button"
>
  <span>
    test
  </span>
</button>
`;
